// Jest Snapshot v1, https://jestjs.io/docs/snapshot-testing

exports[`process-utils auto mods the problem is solvable 1`] = `
[
  {
    "exactStatPoints": 6,
    "generalModsCosts": [],
    "modEnergyCost": 0,
    "modHashes": [
      199176566,
      199176566,
    ],
    "numArtificeMods": 2,
    "numGeneralMods": 0,
    "targetStatIndex": 0,
  },
  {
    "exactStatPoints": 10,
    "generalModsCosts": [
      3,
    ],
    "modEnergyCost": 3,
    "modHashes": [
      1435557120,
    ],
    "numArtificeMods": 0,
    "numGeneralMods": 1,
    "targetStatIndex": 2,
  },
  {
    "exactStatPoints": 13,
    "generalModsCosts": [
      3,
    ],
    "modEnergyCost": 3,
    "modHashes": [
      2724608735,
      3160845295,
    ],
    "numArtificeMods": 1,
    "numGeneralMods": 1,
    "targetStatIndex": 3,
  },
  {
    "exactStatPoints": 5,
    "generalModsCosts": [
      1,
    ],
    "modEnergyCost": 1,
    "modHashes": [
      1237786518,
    ],
    "numArtificeMods": 0,
    "numGeneralMods": 1,
    "targetStatIndex": 4,
  },
]
`;
