// Jest Snapshot v1, https://jestjs.io/docs/snapshot-testing

exports[`formatWeaponRollForExport should format a weapon roll correctly 1`] = `
"Quicksilver Storm

* Rocket Tracers
* Corkscrew Rifling
* High-Caliber Rounds
* Grenade Chaser
* Hand-Laid Stock
* Kill Tracker / Crucible Tracker"
`;

exports[`formatWeaponRollForExport should include masterwork stat when available 1`] = `
"Pizzicato-22

* Adaptive Frame
* Corkscrew Rifling / Full Bore
* Alloy Magazine / Ricochet Rounds
* Ambitious Assassin
* Multikill Clip
* Suros Synergy
* Kill Tracker / Crucible Tracker

* Reload Speed"
`;
